------------------------------------------------------------
Timing Analyzer Summary
------------------------------------------------------------

Type  : Slow 1100mV 85C Model Setup 'clk'
Slack : -0.151
TNS   : -0.469

Type  : Slow 1100mV 85C Model Hold 'clk'
Slack : 0.314
TNS   : 0.000

Type  : Slow 1100mV 85C Model Minimum Pulse Width 'clk'
Slack : -0.394
TNS   : -3.143

Type  : Slow 1100mV 0C Model Setup 'clk'
Slack : -0.171
TNS   : -0.635

Type  : Slow 1100mV 0C Model Hold 'clk'
Slack : 0.296
TNS   : 0.000

Type  : Slow 1100mV 0C Model Minimum Pulse Width 'clk'
Slack : -0.394
TNS   : -3.433

Type  : Fast 1100mV 85C Model Setup 'clk'
Slack : 0.315
TNS   : 0.000

Type  : Fast 1100mV 85C Model Hold 'clk'
Slack : 0.184
TNS   : 0.000

Type  : Fast 1100mV 85C Model Minimum Pulse Width 'clk'
Slack : -0.078
TNS   : -0.457

Type  : Fast 1100mV 0C Model Setup 'clk'
Slack : 0.346
TNS   : 0.000

Type  : Fast 1100mV 0C Model Hold 'clk'
Slack : 0.169
TNS   : 0.000

Type  : Fast 1100mV 0C Model Minimum Pulse Width 'clk'
Slack : -0.077
TNS   : -0.454

------------------------------------------------------------
