------------------------------------------------------------
Timing Analyzer Summary
------------------------------------------------------------

Type  : Slow 1100mV 85C Model Setup 'vga_pll'
Slack : -2.041
TNS   : -60.686

Type  : Slow 1100mV 85C Model Hold 'vga_pll'
Slack : 0.340
TNS   : 0.000

Type  : Slow 1100mV 85C Model Minimum Pulse Width 'vga_pll'
Slack : -0.394
TNS   : -20.656

Type  : Slow 1100mV 0C Model Setup 'vga_pll'
Slack : -2.018
TNS   : -59.695

Type  : Slow 1100mV 0C Model Hold 'vga_pll'
Slack : 0.316
TNS   : 0.000

Type  : Slow 1100mV 0C Model Minimum Pulse Width 'vga_pll'
Slack : -0.394
TNS   : -22.600

Type  : Fast 1100mV 85C Model Setup 'vga_pll'
Slack : -0.688
TNS   : -17.989

Type  : Fast 1100mV 85C Model Hold 'vga_pll'
Slack : 0.181
TNS   : 0.000

Type  : Fast 1100mV 85C Model Minimum Pulse Width 'vga_pll'
Slack : -0.082
TNS   : -3.030

Type  : Fast 1100mV 0C Model Setup 'vga_pll'
Slack : -0.585
TNS   : -14.304

Type  : Fast 1100mV 0C Model Hold 'vga_pll'
Slack : 0.171
TNS   : 0.000

Type  : Fast 1100mV 0C Model Minimum Pulse Width 'vga_pll'
Slack : -0.081
TNS   : -3.055

------------------------------------------------------------
